src/components/forms/DonationForm.tsx(23,5): error TS2322: Type 'Resolver<{ amount: unknown; type: "one-time" | "monthly"; name: string; email: string; }, any, { amount: number; type: "one-time" | "monthly"; name: string; email: string; }>' is not assignable to type 'Resolver<{ amount: number; type: "one-time" | "monthly"; name: string; email: string; }, any, { amount: number; type: "one-time" | "monthly"; name: string; email: string; }>'.
  Types of parameters 'options' and 'options' are incompatible.
    Type 'ResolverOptions<{ amount: number; type: "one-time" | "monthly"; name: string; email: string; }>' is not assignable to type 'ResolverOptions<{ amount: unknown; type: "one-time" | "monthly"; name: string; email: string; }>'.
      Type 'unknown' is not assignable to type 'number'.
src/components/forms/DonationForm.tsx(42,41): error TS2345: Argument of type '(values: { amount: number; type: "one-time" | "monthly"; name: string; email: string; }) => void' is not assignable to parameter of type 'SubmitHandler<TFieldValues>'.
  Types of parameters 'values' and 'data' are incompatible.
    Type 'TFieldValues' is not assignable to type '{ amount: number; type: "one-time" | "monthly"; name: string; email: string; }'.
      Type 'FieldValues' is missing the following properties from type '{ amount: number; type: "one-time" | "monthly"; name: string; email: string; }': amount, type, name, email
src/components/forms/DonationForm.tsx(45,11): error TS2322: Type 'Control<{ amount: number; type: "one-time" | "monthly"; name: string; email: string; }, any, TFieldValues>' is not assignable to type 'Control<{ amount: number; type: "one-time" | "monthly"; name: string; email: string; }, any, { amount: number; type: "one-time" | "monthly"; name: string; email: string; }>'.
  The types returned by '_options.resolver(...)' are incompatible between these types.
    Type 'ResolverResult<{ amount: number; type: "one-time" | "monthly"; name: string; email: string; }, TFieldValues> | Promise<ResolverResult<{ amount: number; type: "one-time" | "monthly"; name: string; email: string; }, TFieldValues>>' is not assignable to type 'ResolverResult<{ amount: number; type: "one-time" | "monthly"; name: string; email: string; }, { amount: number; type: "one-time" | "monthly"; name: string; email: string; }> | Promise<...>'.
      Type 'ResolverSuccess<TFieldValues>' is not assignable to type 'ResolverResult<{ amount: number; type: "one-time" | "monthly"; name: string; email: string; }, { amount: number; type: "one-time" | "monthly"; name: string; email: string; }> | Promise<...>'.
        Type 'ResolverSuccess<TFieldValues>' is not assignable to type 'ResolverSuccess<{ amount: number; type: "one-time" | "monthly"; name: string; email: string; }>'.
          Type 'TFieldValues' is not assignable to type '{ amount: number; type: "one-time" | "monthly"; name: string; email: string; }'.
            Type 'FieldValues' is missing the following properties from type '{ amount: number; type: "one-time" | "monthly"; name: string; email: string; }': amount, type, name, email
src/components/forms/DonationForm.tsx(89,13): error TS2322: Type 'Control<{ amount: number; type: "one-time" | "monthly"; name: string; email: string; }, any, TFieldValues>' is not assignable to type 'Control<{ amount: number; type: "one-time" | "monthly"; name: string; email: string; }, any, { amount: number; type: "one-time" | "monthly"; name: string; email: string; }>'.
  The types returned by '_options.resolver(...)' are incompatible between these types.
    Type 'ResolverResult<{ amount: number; type: "one-time" | "monthly"; name: string; email: string; }, TFieldValues> | Promise<ResolverResult<{ amount: number; type: "one-time" | "monthly"; name: string; email: string; }, TFieldValues>>' is not assignable to type 'ResolverResult<{ amount: number; type: "one-time" | "monthly"; name: string; email: string; }, { amount: number; type: "one-time" | "monthly"; name: string; email: string; }> | Promise<...>'.
      Type 'ResolverSuccess<TFieldValues>' is not assignable to type 'ResolverResult<{ amount: number; type: "one-time" | "monthly"; name: string; email: string; }, { amount: number; type: "one-time" | "monthly"; name: string; email: string; }> | Promise<...>'.
        Type 'ResolverSuccess<TFieldValues>' is not assignable to type 'ResolverSuccess<{ amount: number; type: "one-time" | "monthly"; name: string; email: string; }>'.
          Type 'TFieldValues' is not assignable to type '{ amount: number; type: "one-time" | "monthly"; name: string; email: string; }'.
            Type 'FieldValues' is missing the following properties from type '{ amount: number; type: "one-time" | "monthly"; name: string; email: string; }': amount, type, name, email
src/components/forms/DonationForm.tsx(113,13): error TS2322: Type 'Control<{ amount: number; type: "one-time" | "monthly"; name: string; email: string; }, any, TFieldValues>' is not assignable to type 'Control<{ amount: number; type: "one-time" | "monthly"; name: string; email: string; }, any, { amount: number; type: "one-time" | "monthly"; name: string; email: string; }>'.
  The types returned by '_options.resolver(...)' are incompatible between these types.
    Type 'ResolverResult<{ amount: number; type: "one-time" | "monthly"; name: string; email: string; }, TFieldValues> | Promise<ResolverResult<{ amount: number; type: "one-time" | "monthly"; name: string; email: string; }, TFieldValues>>' is not assignable to type 'ResolverResult<{ amount: number; type: "one-time" | "monthly"; name: string; email: string; }, { amount: number; type: "one-time" | "monthly"; name: string; email: string; }> | Promise<...>'.
      Type 'ResolverSuccess<TFieldValues>' is not assignable to type 'ResolverResult<{ amount: number; type: "one-time" | "monthly"; name: string; email: string; }, { amount: number; type: "one-time" | "monthly"; name: string; email: string; }> | Promise<...>'.
        Type 'ResolverSuccess<TFieldValues>' is not assignable to type 'ResolverSuccess<{ amount: number; type: "one-time" | "monthly"; name: string; email: string; }>'.
          Type 'TFieldValues' is not assignable to type '{ amount: number; type: "one-time" | "monthly"; name: string; email: string; }'.
            Type 'FieldValues' is missing the following properties from type '{ amount: number; type: "one-time" | "monthly"; name: string; email: string; }': amount, type, name, email
src/components/forms/DonationForm.tsx(125,13): error TS2322: Type 'Control<{ amount: number; type: "one-time" | "monthly"; name: string; email: string; }, any, TFieldValues>' is not assignable to type 'Control<{ amount: number; type: "one-time" | "monthly"; name: string; email: string; }, any, { amount: number; type: "one-time" | "monthly"; name: string; email: string; }>'.
  The types returned by '_options.resolver(...)' are incompatible between these types.
    Type 'ResolverResult<{ amount: number; type: "one-time" | "monthly"; name: string; email: string; }, TFieldValues> | Promise<ResolverResult<{ amount: number; type: "one-time" | "monthly"; name: string; email: string; }, TFieldValues>>' is not assignable to type 'ResolverResult<{ amount: number; type: "one-time" | "monthly"; name: string; email: string; }, { amount: number; type: "one-time" | "monthly"; name: string; email: string; }> | Promise<...>'.
      Type 'ResolverSuccess<TFieldValues>' is not assignable to type 'ResolverResult<{ amount: number; type: "one-time" | "monthly"; name: string; email: string; }, { amount: number; type: "one-time" | "monthly"; name: string; email: string; }> | Promise<...>'.
        Type 'ResolverSuccess<TFieldValues>' is not assignable to type 'ResolverSuccess<{ amount: number; type: "one-time" | "monthly"; name: string; email: string; }>'.
          Type 'TFieldValues' is not assignable to type '{ amount: number; type: "one-time" | "monthly"; name: string; email: string; }'.
            Type 'FieldValues' is missing the following properties from type '{ amount: number; type: "one-time" | "monthly"; name: string; email: string; }': amount, type, name, email
src/components/landing/Header.tsx(125,19): error TS2322: Type '{ children: Element[]; align: "start"; sideOffset: number; className: string; dir: any; }' is not assignable to type 'IntrinsicAttributes & Omit<DropdownMenuContentProps & RefAttributes<HTMLDivElement>, "ref"> & RefAttributes<...>'.
  Property 'dir' does not exist on type 'IntrinsicAttributes & Omit<DropdownMenuContentProps & RefAttributes<HTMLDivElement>, "ref"> & RefAttributes<...>'.
src/components/layout/LanguageSwitcher.tsx(60,9): error TS2322: Type '{ children: (Element | Element[])[]; align: "end"; sideOffset: number; className: string; dir: any; }' is not assignable to type 'IntrinsicAttributes & Omit<DropdownMenuContentProps & RefAttributes<HTMLDivElement>, "ref"> & RefAttributes<...>'.
  Property 'dir' does not exist on type 'IntrinsicAttributes & Omit<DropdownMenuContentProps & RefAttributes<HTMLDivElement>, "ref"> & RefAttributes<...>'.
src/components/ui/calendar.tsx(9,60): error TS2307: Cannot find module 'react-day-picker' or its corresponding type declarations.
src/components/ui/carousel.tsx(4,8): error TS2307: Cannot find module 'embla-carousel-react' or its corresponding type declarations.
src/components/ui/chart.tsx(117,7): error TS2339: Property 'payload' does not exist on type 'Omit<Omit<Props<ValueType, NameType>, PropertiesReadFromContext> & { active?: boolean; allowEscapeViewBox?: AllowInDimension; ... 24 more ...; wrapperStyle?: CSSProperties; } & ClassAttributes<...> & HTMLAttributes<...> & { ...; }, "ref">'.
src/components/ui/chart.tsx(122,7): error TS2339: Property 'label' does not exist on type 'Omit<Omit<Props<ValueType, NameType>, PropertiesReadFromContext> & { active?: boolean; allowEscapeViewBox?: AllowInDimension; ... 24 more ...; wrapperStyle?: CSSProperties; } & ClassAttributes<...> & HTMLAttributes<...> & { ...; }, "ref">'.
src/components/ui/chart.tsx(264,41): error TS2344: Type '"payload" | "verticalAlign"' does not satisfy the constraint '"string" | "style" | "clipPath" | "filter" | "mask" | "path" | "key" | "type" | "suppressHydrationWarning" | "className" | "id" | "lang" | "tabIndex" | "role" | "content" | "color" | ... 422 more ... | "onBBoxUpdate"'.
  Type '"payload"' is not assignable to type '"string" | "style" | "clipPath" | "filter" | "mask" | "path" | "key" | "type" | "suppressHydrationWarning" | "className" | "id" | "lang" | "tabIndex" | "role" | "content" | "color" | ... 422 more ... | "onBBoxUpdate"'.
src/components/ui/chart.tsx(275,19): error TS2339: Property 'length' does not exist on type 'unknown'.
src/components/ui/chart.tsx(289,12): error TS2339: Property 'filter' does not exist on type 'unknown'.
src/components/ui/resizable.tsx(4,37): error TS2307: Cannot find module 'react-resizable-panels' or its corresponding type declarations.
src/hooks/usePreferencesSync.ts(16,11): error TS2339: Property 'user' does not exist on type 'AuthContextValue'.
src/pages/AcademyCourse.tsx(20,16): error TS18047: 'params' is possibly 'null'.
src/pages/AcademyLearn.tsx(17,16): error TS18047: 'params' is possibly 'null'.
src/pages/Account.tsx(257,84): error TS2339: Property 'substring' does not exist on type 'number'.
src/pages/Account.tsx(434,36): error TS2339: Property 'substring' does not exist on type 'number'.
src/pages/Account.tsx(434,62): error TS2339: Property 'substring' does not exist on type 'number'.
src/pages/ArticleDetail.tsx(28,11): error TS2339: Property 'slug' does not exist on type 'StringRouteParams<undefined>'.
src/pages/Checkout.tsx(181,5): error TS2322: Type 'Resolver<{ fullName: string; email: string; phone: string; country: string; city: string; address: string; zipCode?: string; notes?: string; saveAddress?: boolean; }, any, { fullName: string; email: string; ... 6 more ...; notes?: string; }>' is not assignable to type 'Resolver<{ fullName: string; email: string; phone: string; country: string; city: string; address: string; saveAddress: boolean; zipCode?: string; notes?: string; }, any, { fullName: string; email: string; ... 6 more ...; notes?: string; }>'.
  Types of parameters 'options' and 'options' are incompatible.
    Type 'ResolverOptions<{ fullName: string; email: string; phone: string; country: string; city: string; address: string; saveAddress: boolean; zipCode?: string; notes?: string; }>' is not assignable to type 'ResolverOptions<{ fullName: string; email: string; phone: string; country: string; city: string; address: string; zipCode?: string; notes?: string; saveAddress?: boolean; }>'.
      Type '{ fullName: string; email: string; phone: string; country: string; city: string; address: string; zipCode?: string; notes?: string; saveAddress?: boolean; }' is not assignable to type '{ fullName: string; email: string; phone: string; country: string; city: string; address: string; saveAddress: boolean; zipCode?: string; notes?: string; }'.
        Property 'saveAddress' is optional in type '{ fullName: string; email: string; phone: string; country: string; city: string; address: string; zipCode?: string; notes?: string; saveAddress?: boolean; }' but required in type '{ fullName: string; email: string; phone: string; country: string; city: string; address: string; saveAddress: boolean; zipCode?: string; notes?: string; }'.
src/pages/Checkout.tsx(196,5): error TS2322: Type 'Resolver<{ cardNumber: string; cardName: string; expiry: string; cvv: string; termsAccepted: boolean; billingSameAsShipping?: boolean; billingAddress?: string; newsletter?: boolean; }, any, { cardNumber: string; ... 6 more ...; billingAddress?: string; }>' is not assignable to type 'Resolver<{ cardNumber: string; cardName: string; expiry: string; cvv: string; billingSameAsShipping: boolean; termsAccepted: boolean; newsletter: boolean; billingAddress?: string; }, any, { cardNumber: string; ... 6 more ...; billingAddress?: string; }>'.
  Types of parameters 'options' and 'options' are incompatible.
    Type 'ResolverOptions<{ cardNumber: string; cardName: string; expiry: string; cvv: string; billingSameAsShipping: boolean; termsAccepted: boolean; newsletter: boolean; billingAddress?: string; }>' is not assignable to type 'ResolverOptions<{ cardNumber: string; cardName: string; expiry: string; cvv: string; termsAccepted: boolean; billingSameAsShipping?: boolean; billingAddress?: string; newsletter?: boolean; }>'.
      Type '{ cardNumber: string; cardName: string; expiry: string; cvv: string; termsAccepted: boolean; billingSameAsShipping?: boolean; billingAddress?: string; newsletter?: boolean; }' is not assignable to type '{ cardNumber: string; cardName: string; expiry: string; cvv: string; billingSameAsShipping: boolean; termsAccepted: boolean; newsletter: boolean; billingAddress?: string; }'.
        Property 'billingSameAsShipping' is optional in type '{ cardNumber: string; cardName: string; expiry: string; cvv: string; termsAccepted: boolean; billingSameAsShipping?: boolean; billingAddress?: string; newsletter?: boolean; }' but required in type '{ cardNumber: string; cardName: string; expiry: string; cvv: string; billingSameAsShipping: boolean; termsAccepted: boolean; newsletter: boolean; billingAddress?: string; }'.
src/pages/Checkout.tsx(370,78): error TS2345: Argument of type '(data: ShippingData) => void' is not assignable to parameter of type 'SubmitHandler<TFieldValues>'.
  Types of parameters 'data' and 'data' are incompatible.
    Type 'TFieldValues' is not assignable to type '{ fullName: string; email: string; phone: string; country: string; city: string; address: string; saveAddress: boolean; zipCode?: string; notes?: string; }'.
      Type 'FieldValues' is missing the following properties from type '{ fullName: string; email: string; phone: string; country: string; city: string; address: string; saveAddress: boolean; zipCode?: string; notes?: string; }': fullName, email, phone, country, and 3 more.
src/pages/Checkout.tsx(543,76): error TS2345: Argument of type '(data: PaymentData) => Promise<void>' is not assignable to parameter of type 'SubmitHandler<TFieldValues>'.
  Types of parameters 'data' and 'data' are incompatible.
    Type 'TFieldValues' is not assignable to type '{ cardNumber: string; cardName: string; expiry: string; cvv: string; billingSameAsShipping: boolean; termsAccepted: boolean; newsletter: boolean; billingAddress?: string; }'.
      Type 'FieldValues' is missing the following properties from type '{ cardNumber: string; cardName: string; expiry: string; cvv: string; billingSameAsShipping: boolean; termsAccepted: boolean; newsletter: boolean; billingAddress?: string; }': cardNumber, cardName, expiry, cvv, and 3 more.
src/pages/Checkout.tsx(842,52): error TS2322: Type '{ product: Product; compact: true; }' is not assignable to type 'IntrinsicAttributes & ProductCardProps'.
  Property 'compact' does not exist on type 'IntrinsicAttributes & ProductCardProps'.
src/pages/EventDetail.tsx(16,11): error TS2339: Property 'slug' does not exist on type 'StringRouteParams<undefined>'.
src/pages/InstructorDashboard.tsx(284,5): error TS2322: Type 'Resolver<{ title: string; subtitle: string; description: string; longDescription: string; category: string; level: string; price: unknown; isFree: boolean; certificate: boolean; coverColor: string; skillsRaw?: string; requirementsRaw?: string; }, any, { ...; }>' is not assignable to type 'Resolver<{ title: string; subtitle: string; description: string; longDescription: string; category: string; level: string; price: number; isFree: boolean; certificate: boolean; coverColor: string; skillsRaw?: string; requirementsRaw?: string; }, any, { ...; }>'.
  Types of parameters 'options' and 'options' are incompatible.
    Type 'ResolverOptions<{ title: string; subtitle: string; description: string; longDescription: string; category: string; level: string; price: number; isFree: boolean; certificate: boolean; coverColor: string; skillsRaw?: string; requirementsRaw?: string; }>' is not assignable to type 'ResolverOptions<{ title: string; subtitle: string; description: string; longDescription: string; category: string; level: string; price: unknown; isFree: boolean; certificate: boolean; coverColor: string; skillsRaw?: string; requirementsRaw?: string; }>'.
      Type 'unknown' is not assignable to type 'number'.
src/pages/InstructorDashboard.tsx(321,41): error TS2345: Argument of type '(data: CourseFormData) => void' is not assignable to parameter of type 'SubmitHandler<TFieldValues>'.
  Types of parameters 'data' and 'data' are incompatible.
    Type 'TFieldValues' is not assignable to type '{ title: string; subtitle: string; description: string; longDescription: string; category: string; level: string; price: number; isFree: boolean; certificate: boolean; coverColor: string; skillsRaw?: string; requirementsRaw?: string; }'.
      Type 'FieldValues' is missing the following properties from type '{ title: string; subtitle: string; description: string; longDescription: string; category: string; level: string; price: number; isFree: boolean; certificate: boolean; coverColor: string; skillsRaw?: string; requirementsRaw?: string; }': title, subtitle, description, longDescription, and 6 more.
src/pages/InstructorDashboard.tsx(328,24): error TS2322: Type 'Control<{ title: string; subtitle: string; description: string; longDescription: string; category: string; level: string; price: number; isFree: boolean; certificate: boolean; coverColor: string; skillsRaw?: string; requirementsRaw?: string; }, any, TFieldValues>' is not assignable to type 'Control<{ title: string; subtitle: string; description: string; longDescription: string; category: string; level: string; price: number; isFree: boolean; certificate: boolean; coverColor: string; skillsRaw?: string; requirementsRaw?: string; }, any, { ...; }>'.
  The types returned by '_options.resolver(...)' are incompatible between these types.
    Type 'ResolverResult<{ title: string; subtitle: string; description: string; longDescription: string; category: string; level: string; price: number; isFree: boolean; certificate: boolean; coverColor: string; skillsRaw?: string; requirementsRaw?: string; }, TFieldValues> | Promise<...>' is not assignable to type 'ResolverResult<{ title: string; subtitle: string; description: string; longDescription: string; category: string; level: string; price: number; isFree: boolean; certificate: boolean; coverColor: string; skillsRaw?: string; requirementsRaw?: string; }, { ...; }> | Promise<...>'.
      Type 'ResolverSuccess<TFieldValues>' is not assignable to type 'ResolverResult<{ title: string; subtitle: string; description: string; longDescription: string; category: string; level: string; price: number; isFree: boolean; certificate: boolean; coverColor: string; skillsRaw?: string; requirementsRaw?: string; }, { ...; }> | Promise<...>'.
        Type 'ResolverSuccess<TFieldValues>' is not assignable to type 'ResolverSuccess<{ title: string; subtitle: string; description: string; longDescription: string; category: string; level: string; price: number; isFree: boolean; certificate: boolean; coverColor: string; skillsRaw?: string; requirementsRaw?: string; }>'.
          Type 'TFieldValues' is not assignable to type '{ title: string; subtitle: string; description: string; longDescription: string; category: string; level: string; price: number; isFree: boolean; certificate: boolean; coverColor: string; skillsRaw?: string; requirementsRaw?: string; }'.
            Type 'FieldValues' is missing the following properties from type '{ title: string; subtitle: string; description: string; longDescription: string; category: string; level: string; price: number; isFree: boolean; certificate: boolean; coverColor: string; skillsRaw?: string; requirementsRaw?: string; }': title, subtitle, description, longDescription, and 6 more.
src/pages/InstructorDashboard.tsx(337,24): error TS2322: Type 'Control<{ title: string; subtitle: string; description: string; longDescription: string; category: string; level: string; price: number; isFree: boolean; certificate: boolean; coverColor: string; skillsRaw?: string; requirementsRaw?: string; }, any, TFieldValues>' is not assignable to type 'Control<{ title: string; subtitle: string; description: string; longDescription: string; category: string; level: string; price: number; isFree: boolean; certificate: boolean; coverColor: string; skillsRaw?: string; requirementsRaw?: string; }, any, { ...; }>'.
  The types returned by '_options.resolver(...)' are incompatible between these types.
    Type 'ResolverResult<{ title: string; subtitle: string; description: string; longDescription: string; category: string; level: string; price: number; isFree: boolean; certificate: boolean; coverColor: string; skillsRaw?: string; requirementsRaw?: string; }, TFieldValues> | Promise<...>' is not assignable to type 'ResolverResult<{ title: string; subtitle: string; description: string; longDescription: string; category: string; level: string; price: number; isFree: boolean; certificate: boolean; coverColor: string; skillsRaw?: string; requirementsRaw?: string; }, { ...; }> | Promise<...>'.
      Type 'ResolverSuccess<TFieldValues>' is not assignable to type 'ResolverResult<{ title: string; subtitle: string; description: string; longDescription: string; category: string; level: string; price: number; isFree: boolean; certificate: boolean; coverColor: string; skillsRaw?: string; requirementsRaw?: string; }, { ...; }> | Promise<...>'.
        Type 'ResolverSuccess<TFieldValues>' is not assignable to type 'ResolverSuccess<{ title: string; subtitle: string; description: string; longDescription: string; category: string; level: string; price: number; isFree: boolean; certificate: boolean; coverColor: string; skillsRaw?: string; requirementsRaw?: string; }>'.
          Type 'TFieldValues' is not assignable to type '{ title: string; subtitle: string; description: string; longDescription: string; category: string; level: string; price: number; isFree: boolean; certificate: boolean; coverColor: string; skillsRaw?: string; requirementsRaw?: string; }'.
            Type 'FieldValues' is missing the following properties from type '{ title: string; subtitle: string; description: string; longDescription: string; category: string; level: string; price: number; isFree: boolean; certificate: boolean; coverColor: string; skillsRaw?: string; requirementsRaw?: string; }': title, subtitle, description, longDescription, and 6 more.
src/pages/InstructorDashboard.tsx(346,24): error TS2322: Type 'Control<{ title: string; subtitle: string; description: string; longDescription: string; category: string; level: string; price: number; isFree: boolean; certificate: boolean; coverColor: string; skillsRaw?: string; requirementsRaw?: string; }, any, TFieldValues>' is not assignable to type 'Control<{ title: string; subtitle: string; description: string; longDescription: string; category: string; level: string; price: number; isFree: boolean; certificate: boolean; coverColor: string; skillsRaw?: string; requirementsRaw?: string; }, any, { ...; }>'.
  The types returned by '_options.resolver(...)' are incompatible between these types.
    Type 'ResolverResult<{ title: string; subtitle: string; description: string; longDescription: string; category: string; level: string; price: number; isFree: boolean; certificate: boolean; coverColor: string; skillsRaw?: string; requirementsRaw?: string; }, TFieldValues> | Promise<...>' is not assignable to type 'ResolverResult<{ title: string; subtitle: string; description: string; longDescription: string; category: string; level: string; price: number; isFree: boolean; certificate: boolean; coverColor: string; skillsRaw?: string; requirementsRaw?: string; }, { ...; }> | Promise<...>'.
      Type 'ResolverSuccess<TFieldValues>' is not assignable to type 'ResolverResult<{ title: string; subtitle: string; description: string; longDescription: string; category: string; level: string; price: number; isFree: boolean; certificate: boolean; coverColor: string; skillsRaw?: string; requirementsRaw?: string; }, { ...; }> | Promise<...>'.
        Type 'ResolverSuccess<TFieldValues>' is not assignable to type 'ResolverSuccess<{ title: string; subtitle: string; description: string; longDescription: string; category: string; level: string; price: number; isFree: boolean; certificate: boolean; coverColor: string; skillsRaw?: string; requirementsRaw?: string; }>'.
          Type 'TFieldValues' is not assignable to type '{ title: string; subtitle: string; description: string; longDescription: string; category: string; level: string; price: number; isFree: boolean; certificate: boolean; coverColor: string; skillsRaw?: string; requirementsRaw?: string; }'.
            Type 'FieldValues' is missing the following properties from type '{ title: string; subtitle: string; description: string; longDescription: string; category: string; level: string; price: number; isFree: boolean; certificate: boolean; coverColor: string; skillsRaw?: string; requirementsRaw?: string; }': title, subtitle, description, longDescription, and 6 more.
src/pages/InstructorDashboard.tsx(355,24): error TS2322: Type 'Control<{ title: string; subtitle: string; description: string; longDescription: string; category: string; level: string; price: number; isFree: boolean; certificate: boolean; coverColor: string; skillsRaw?: string; requirementsRaw?: string; }, any, TFieldValues>' is not assignable to type 'Control<{ title: string; subtitle: string; description: string; longDescription: string; category: string; level: string; price: number; isFree: boolean; certificate: boolean; coverColor: string; skillsRaw?: string; requirementsRaw?: string; }, any, { ...; }>'.
  The types returned by '_options.resolver(...)' are incompatible between these types.
    Type 'ResolverResult<{ title: string; subtitle: string; description: string; longDescription: string; category: string; level: string; price: number; isFree: boolean; certificate: boolean; coverColor: string; skillsRaw?: string; requirementsRaw?: string; }, TFieldValues> | Promise<...>' is not assignable to type 'ResolverResult<{ title: string; subtitle: string; description: string; longDescription: string; category: string; level: string; price: number; isFree: boolean; certificate: boolean; coverColor: string; skillsRaw?: string; requirementsRaw?: string; }, { ...; }> | Promise<...>'.
      Type 'ResolverSuccess<TFieldValues>' is not assignable to type 'ResolverResult<{ title: string; subtitle: string; description: string; longDescription: string; category: string; level: string; price: number; isFree: boolean; certificate: boolean; coverColor: string; skillsRaw?: string; requirementsRaw?: string; }, { ...; }> | Promise<...>'.
        Type 'ResolverSuccess<TFieldValues>' is not assignable to type 'ResolverSuccess<{ title: string; subtitle: string; description: string; longDescription: string; category: string; level: string; price: number; isFree: boolean; certificate: boolean; coverColor: string; skillsRaw?: string; requirementsRaw?: string; }>'.
          Type 'TFieldValues' is not assignable to type '{ title: string; subtitle: string; description: string; longDescription: string; category: string; level: string; price: number; isFree: boolean; certificate: boolean; coverColor: string; skillsRaw?: string; requirementsRaw?: string; }'.
            Type 'FieldValues' is missing the following properties from type '{ title: string; subtitle: string; description: string; longDescription: string; category: string; level: string; price: number; isFree: boolean; certificate: boolean; coverColor: string; skillsRaw?: string; requirementsRaw?: string; }': title, subtitle, description, longDescription, and 6 more.
src/pages/InstructorDashboard.tsx(373,24): error TS2322: Type 'Control<{ title: string; subtitle: string; description: string; longDescription: string; category: string; level: string; price: number; isFree: boolean; certificate: boolean; coverColor: string; skillsRaw?: string; requirementsRaw?: string; }, any, TFieldValues>' is not assignable to type 'Control<{ title: string; subtitle: string; description: string; longDescription: string; category: string; level: string; price: number; isFree: boolean; certificate: boolean; coverColor: string; skillsRaw?: string; requirementsRaw?: string; }, any, { ...; }>'.
  The types returned by '_options.resolver(...)' are incompatible between these types.
    Type 'ResolverResult<{ title: string; subtitle: string; description: string; longDescription: string; category: string; level: string; price: number; isFree: boolean; certificate: boolean; coverColor: string; skillsRaw?: string; requirementsRaw?: string; }, TFieldValues> | Promise<...>' is not assignable to type 'ResolverResult<{ title: string; subtitle: string; description: string; longDescription: string; category: string; level: string; price: number; isFree: boolean; certificate: boolean; coverColor: string; skillsRaw?: string; requirementsRaw?: string; }, { ...; }> | Promise<...>'.
      Type 'ResolverSuccess<TFieldValues>' is not assignable to type 'ResolverResult<{ title: string; subtitle: string; description: string; longDescription: string; category: string; level: string; price: number; isFree: boolean; certificate: boolean; coverColor: string; skillsRaw?: string; requirementsRaw?: string; }, { ...; }> | Promise<...>'.
        Type 'ResolverSuccess<TFieldValues>' is not assignable to type 'ResolverSuccess<{ title: string; subtitle: string; description: string; longDescription: string; category: string; level: string; price: number; isFree: boolean; certificate: boolean; coverColor: string; skillsRaw?: string; requirementsRaw?: string; }>'.
          Type 'TFieldValues' is not assignable to type '{ title: string; subtitle: string; description: string; longDescription: string; category: string; level: string; price: number; isFree: boolean; certificate: boolean; coverColor: string; skillsRaw?: string; requirementsRaw?: string; }'.
            Type 'FieldValues' is missing the following properties from type '{ title: string; subtitle: string; description: string; longDescription: string; category: string; level: string; price: number; isFree: boolean; certificate: boolean; coverColor: string; skillsRaw?: string; requirementsRaw?: string; }': title, subtitle, description, longDescription, and 6 more.
src/pages/InstructorDashboard.tsx(385,24): error TS2322: Type 'Control<{ title: string; subtitle: string; description: string; longDescription: string; category: string; level: string; price: number; isFree: boolean; certificate: boolean; coverColor: string; skillsRaw?: string; requirementsRaw?: string; }, any, TFieldValues>' is not assignable to type 'Control<{ title: string; subtitle: string; description: string; longDescription: string; category: string; level: string; price: number; isFree: boolean; certificate: boolean; coverColor: string; skillsRaw?: string; requirementsRaw?: string; }, any, { ...; }>'.
  The types returned by '_options.resolver(...)' are incompatible between these types.
    Type 'ResolverResult<{ title: string; subtitle: string; description: string; longDescription: string; category: string; level: string; price: number; isFree: boolean; certificate: boolean; coverColor: string; skillsRaw?: string; requirementsRaw?: string; }, TFieldValues> | Promise<...>' is not assignable to type 'ResolverResult<{ title: string; subtitle: string; description: string; longDescription: string; category: string; level: string; price: number; isFree: boolean; certificate: boolean; coverColor: string; skillsRaw?: string; requirementsRaw?: string; }, { ...; }> | Promise<...>'.
      Type 'ResolverSuccess<TFieldValues>' is not assignable to type 'ResolverResult<{ title: string; subtitle: string; description: string; longDescription: string; category: string; level: string; price: number; isFree: boolean; certificate: boolean; coverColor: string; skillsRaw?: string; requirementsRaw?: string; }, { ...; }> | Promise<...>'.
        Type 'ResolverSuccess<TFieldValues>' is not assignable to type 'ResolverSuccess<{ title: string; subtitle: string; description: string; longDescription: string; category: string; level: string; price: number; isFree: boolean; certificate: boolean; coverColor: string; skillsRaw?: string; requirementsRaw?: string; }>'.
          Type 'TFieldValues' is not assignable to type '{ title: string; subtitle: string; description: string; longDescription: string; category: string; level: string; price: number; isFree: boolean; certificate: boolean; coverColor: string; skillsRaw?: string; requirementsRaw?: string; }'.
            Type 'FieldValues' is missing the following properties from type '{ title: string; subtitle: string; description: string; longDescription: string; category: string; level: string; price: number; isFree: boolean; certificate: boolean; coverColor: string; skillsRaw?: string; requirementsRaw?: string; }': title, subtitle, description, longDescription, and 6 more.
src/pages/InstructorDashboard.tsx(423,26): error TS2322: Type 'Control<{ title: string; subtitle: string; description: string; longDescription: string; category: string; level: string; price: number; isFree: boolean; certificate: boolean; coverColor: string; skillsRaw?: string; requirementsRaw?: string; }, any, TFieldValues>' is not assignable to type 'Control<{ title: string; subtitle: string; description: string; longDescription: string; category: string; level: string; price: number; isFree: boolean; certificate: boolean; coverColor: string; skillsRaw?: string; requirementsRaw?: string; }, any, { ...; }>'.
  The types returned by '_options.resolver(...)' are incompatible between these types.
    Type 'ResolverResult<{ title: string; subtitle: string; description: string; longDescription: string; category: string; level: string; price: number; isFree: boolean; certificate: boolean; coverColor: string; skillsRaw?: string; requirementsRaw?: string; }, TFieldValues> | Promise<...>' is not assignable to type 'ResolverResult<{ title: string; subtitle: string; description: string; longDescription: string; category: string; level: string; price: number; isFree: boolean; certificate: boolean; coverColor: string; skillsRaw?: string; requirementsRaw?: string; }, { ...; }> | Promise<...>'.
      Type 'ResolverSuccess<TFieldValues>' is not assignable to type 'ResolverResult<{ title: string; subtitle: string; description: string; longDescription: string; category: string; level: string; price: number; isFree: boolean; certificate: boolean; coverColor: string; skillsRaw?: string; requirementsRaw?: string; }, { ...; }> | Promise<...>'.
        Type 'ResolverSuccess<TFieldValues>' is not assignable to type 'ResolverSuccess<{ title: string; subtitle: string; description: string; longDescription: string; category: string; level: string; price: number; isFree: boolean; certificate: boolean; coverColor: string; skillsRaw?: string; requirementsRaw?: string; }>'.
          Type 'TFieldValues' is not assignable to type '{ title: string; subtitle: string; description: string; longDescription: string; category: string; level: string; price: number; isFree: boolean; certificate: boolean; coverColor: string; skillsRaw?: string; requirementsRaw?: string; }'.
            Type 'FieldValues' is missing the following properties from type '{ title: string; subtitle: string; description: string; longDescription: string; category: string; level: string; price: number; isFree: boolean; certificate: boolean; coverColor: string; skillsRaw?: string; requirementsRaw?: string; }': title, subtitle, description, longDescription, and 6 more.
src/pages/InstructorDashboard.tsx(434,26): error TS2322: Type 'Control<{ title: string; subtitle: string; description: string; longDescription: string; category: string; level: string; price: number; isFree: boolean; certificate: boolean; coverColor: string; skillsRaw?: string; requirementsRaw?: string; }, any, TFieldValues>' is not assignable to type 'Control<{ title: string; subtitle: string; description: string; longDescription: string; category: string; level: string; price: number; isFree: boolean; certificate: boolean; coverColor: string; skillsRaw?: string; requirementsRaw?: string; }, any, { ...; }>'.
  The types returned by '_options.resolver(...)' are incompatible between these types.
    Type 'ResolverResult<{ title: string; subtitle: string; description: string; longDescription: string; category: string; level: string; price: number; isFree: boolean; certificate: boolean; coverColor: string; skillsRaw?: string; requirementsRaw?: string; }, TFieldValues> | Promise<...>' is not assignable to type 'ResolverResult<{ title: string; subtitle: string; description: string; longDescription: string; category: string; level: string; price: number; isFree: boolean; certificate: boolean; coverColor: string; skillsRaw?: string; requirementsRaw?: string; }, { ...; }> | Promise<...>'.
      Type 'ResolverSuccess<TFieldValues>' is not assignable to type 'ResolverResult<{ title: string; subtitle: string; description: string; longDescription: string; category: string; level: string; price: number; isFree: boolean; certificate: boolean; coverColor: string; skillsRaw?: string; requirementsRaw?: string; }, { ...; }> | Promise<...>'.
        Type 'ResolverSuccess<TFieldValues>' is not assignable to type 'ResolverSuccess<{ title: string; subtitle: string; description: string; longDescription: string; category: string; level: string; price: number; isFree: boolean; certificate: boolean; coverColor: string; skillsRaw?: string; requirementsRaw?: string; }>'.
          Type 'TFieldValues' is not assignable to type '{ title: string; subtitle: string; description: string; longDescription: string; category: string; level: string; price: number; isFree: boolean; certificate: boolean; coverColor: string; skillsRaw?: string; requirementsRaw?: string; }'.
            Type 'FieldValues' is missing the following properties from type '{ title: string; subtitle: string; description: string; longDescription: string; category: string; level: string; price: number; isFree: boolean; certificate: boolean; coverColor: string; skillsRaw?: string; requirementsRaw?: string; }': title, subtitle, description, longDescription, and 6 more.
src/pages/InstructorDashboard.tsx(457,24): error TS2322: Type 'Control<{ title: string; subtitle: string; description: string; longDescription: string; category: string; level: string; price: number; isFree: boolean; certificate: boolean; coverColor: string; skillsRaw?: string; requirementsRaw?: string; }, any, TFieldValues>' is not assignable to type 'Control<{ title: string; subtitle: string; description: string; longDescription: string; category: string; level: string; price: number; isFree: boolean; certificate: boolean; coverColor: string; skillsRaw?: string; requirementsRaw?: string; }, any, { ...; }>'.
  The types returned by '_options.resolver(...)' are incompatible between these types.
    Type 'ResolverResult<{ title: string; subtitle: string; description: string; longDescription: string; category: string; level: string; price: number; isFree: boolean; certificate: boolean; coverColor: string; skillsRaw?: string; requirementsRaw?: string; }, TFieldValues> | Promise<...>' is not assignable to type 'ResolverResult<{ title: string; subtitle: string; description: string; longDescription: string; category: string; level: string; price: number; isFree: boolean; certificate: boolean; coverColor: string; skillsRaw?: string; requirementsRaw?: string; }, { ...; }> | Promise<...>'.
      Type 'ResolverSuccess<TFieldValues>' is not assignable to type 'ResolverResult<{ title: string; subtitle: string; description: string; longDescription: string; category: string; level: string; price: number; isFree: boolean; certificate: boolean; coverColor: string; skillsRaw?: string; requirementsRaw?: string; }, { ...; }> | Promise<...>'.
        Type 'ResolverSuccess<TFieldValues>' is not assignable to type 'ResolverSuccess<{ title: string; subtitle: string; description: string; longDescription: string; category: string; level: string; price: number; isFree: boolean; certificate: boolean; coverColor: string; skillsRaw?: string; requirementsRaw?: string; }>'.
          Type 'TFieldValues' is not assignable to type '{ title: string; subtitle: string; description: string; longDescription: string; category: string; level: string; price: number; isFree: boolean; certificate: boolean; coverColor: string; skillsRaw?: string; requirementsRaw?: string; }'.
            Type 'FieldValues' is missing the following properties from type '{ title: string; subtitle: string; description: string; longDescription: string; category: string; level: string; price: number; isFree: boolean; certificate: boolean; coverColor: string; skillsRaw?: string; requirementsRaw?: string; }': title, subtitle, description, longDescription, and 6 more.
src/pages/InstructorDashboard.tsx(466,24): error TS2322: Type 'Control<{ title: string; subtitle: string; description: string; longDescription: string; category: string; level: string; price: number; isFree: boolean; certificate: boolean; coverColor: string; skillsRaw?: string; requirementsRaw?: string; }, any, TFieldValues>' is not assignable to type 'Control<{ title: string; subtitle: string; description: string; longDescription: string; category: string; level: string; price: number; isFree: boolean; certificate: boolean; coverColor: string; skillsRaw?: string; requirementsRaw?: string; }, any, { ...; }>'.
  The types returned by '_options.resolver(...)' are incompatible between these types.
    Type 'ResolverResult<{ title: string; subtitle: string; description: string; longDescription: string; category: string; level: string; price: number; isFree: boolean; certificate: boolean; coverColor: string; skillsRaw?: string; requirementsRaw?: string; }, TFieldValues> | Promise<...>' is not assignable to type 'ResolverResult<{ title: string; subtitle: string; description: string; longDescription: string; category: string; level: string; price: number; isFree: boolean; certificate: boolean; coverColor: string; skillsRaw?: string; requirementsRaw?: string; }, { ...; }> | Promise<...>'.
      Type 'ResolverSuccess<TFieldValues>' is not assignable to type 'ResolverResult<{ title: string; subtitle: string; description: string; longDescription: string; category: string; level: string; price: number; isFree: boolean; certificate: boolean; coverColor: string; skillsRaw?: string; requirementsRaw?: string; }, { ...; }> | Promise<...>'.
        Type 'ResolverSuccess<TFieldValues>' is not assignable to type 'ResolverSuccess<{ title: string; subtitle: string; description: string; longDescription: string; category: string; level: string; price: number; isFree: boolean; certificate: boolean; coverColor: string; skillsRaw?: string; requirementsRaw?: string; }>'.
          Type 'TFieldValues' is not assignable to type '{ title: string; subtitle: string; description: string; longDescription: string; category: string; level: string; price: number; isFree: boolean; certificate: boolean; coverColor: string; skillsRaw?: string; requirementsRaw?: string; }'.
            Type 'FieldValues' is missing the following properties from type '{ title: string; subtitle: string; description: string; longDescription: string; category: string; level: string; price: number; isFree: boolean; certificate: boolean; coverColor: string; skillsRaw?: string; requirementsRaw?: string; }': title, subtitle, description, longDescription, and 6 more.
src/pages/InstructorDashboard.tsx(600,41): error TS2345: Argument of type 'number' is not assignable to parameter of type 'string'.
src/pages/InstructorDashboard.tsx(842,19): error TS2322: Type 'number' is not assignable to type 'string'.
src/pages/JoinRole.tsx(11,11): error TS2339: Property 'role' does not exist on type 'StringRouteParams<undefined>'.
src/pages/Login.tsx(39,5): error TS2322: Type 'Resolver<{ email: string; password: string; remember?: boolean; }, any, { email: string; password: string; remember: boolean; }>' is not assignable to type 'Resolver<{ email: string; password: string; remember: boolean; }, any, { email: string; password: string; remember: boolean; }>'.
  Types of parameters 'options' and 'options' are incompatible.
    Type 'ResolverOptions<{ email: string; password: string; remember: boolean; }>' is not assignable to type 'ResolverOptions<{ email: string; password: string; remember?: boolean; }>'.
      Type '{ email: string; password: string; remember?: boolean; }' is not assignable to type '{ email: string; password: string; remember: boolean; }'.
        Property 'remember' is optional in type '{ email: string; password: string; remember?: boolean; }' but required in type '{ email: string; password: string; remember: boolean; }'.
src/pages/Login.tsx(89,47): error TS2345: Argument of type '(values: { email: string; password: string; remember: boolean; }) => Promise<void>' is not assignable to parameter of type 'SubmitHandler<TFieldValues>'.
  Types of parameters 'values' and 'data' are incompatible.
    Type 'TFieldValues' is not assignable to type '{ email: string; password: string; remember: boolean; }'.
      Type 'FieldValues' is missing the following properties from type '{ email: string; password: string; remember: boolean; }': email, password, remember
src/pages/Login.tsx(91,17): error TS2322: Type 'Control<{ email: string; password: string; remember: boolean; }, any, TFieldValues>' is not assignable to type 'Control<{ email: string; password: string; remember: boolean; }, any, { email: string; password: string; remember: boolean; }>'.
  The types returned by '_options.resolver(...)' are incompatible between these types.
    Type 'ResolverResult<{ email: string; password: string; remember: boolean; }, TFieldValues> | Promise<ResolverResult<{ email: string; password: string; remember: boolean; }, TFieldValues>>' is not assignable to type 'ResolverResult<{ email: string; password: string; remember: boolean; }, { email: string; password: string; remember: boolean; }> | Promise<ResolverResult<{ email: string; password: string; remember: boolean; }, { ...; }>>'.
      Type 'ResolverSuccess<TFieldValues>' is not assignable to type 'ResolverResult<{ email: string; password: string; remember: boolean; }, { email: string; password: string; remember: boolean; }> | Promise<ResolverResult<{ email: string; password: string; remember: boolean; }, { ...; }>>'.
        Type 'ResolverSuccess<TFieldValues>' is not assignable to type 'ResolverSuccess<{ email: string; password: string; remember: boolean; }>'.
          Type 'TFieldValues' is not assignable to type '{ email: string; password: string; remember: boolean; }'.
            Type 'FieldValues' is missing the following properties from type '{ email: string; password: string; remember: boolean; }': email, password, remember
src/pages/Login.tsx(105,17): error TS2322: Type 'Control<{ email: string; password: string; remember: boolean; }, any, TFieldValues>' is not assignable to type 'Control<{ email: string; password: string; remember: boolean; }, any, { email: string; password: string; remember: boolean; }>'.
  The types returned by '_options.resolver(...)' are incompatible between these types.
    Type 'ResolverResult<{ email: string; password: string; remember: boolean; }, TFieldValues> | Promise<ResolverResult<{ email: string; password: string; remember: boolean; }, TFieldValues>>' is not assignable to type 'ResolverResult<{ email: string; password: string; remember: boolean; }, { email: string; password: string; remember: boolean; }> | Promise<ResolverResult<{ email: string; password: string; remember: boolean; }, { ...; }>>'.
      Type 'ResolverSuccess<TFieldValues>' is not assignable to type 'ResolverResult<{ email: string; password: string; remember: boolean; }, { email: string; password: string; remember: boolean; }> | Promise<ResolverResult<{ email: string; password: string; remember: boolean; }, { ...; }>>'.
        Type 'ResolverSuccess<TFieldValues>' is not assignable to type 'ResolverSuccess<{ email: string; password: string; remember: boolean; }>'.
          Type 'TFieldValues' is not assignable to type '{ email: string; password: string; remember: boolean; }'.
            Type 'FieldValues' is missing the following properties from type '{ email: string; password: string; remember: boolean; }': email, password, remember
src/pages/Login.tsx(134,19): error TS2322: Type 'Control<{ email: string; password: string; remember: boolean; }, any, TFieldValues>' is not assignable to type 'Control<{ email: string; password: string; remember: boolean; }, any, { email: string; password: string; remember: boolean; }>'.
  The types returned by '_options.resolver(...)' are incompatible between these types.
    Type 'ResolverResult<{ email: string; password: string; remember: boolean; }, TFieldValues> | Promise<ResolverResult<{ email: string; password: string; remember: boolean; }, TFieldValues>>' is not assignable to type 'ResolverResult<{ email: string; password: string; remember: boolean; }, { email: string; password: string; remember: boolean; }> | Promise<ResolverResult<{ email: string; password: string; remember: boolean; }, { ...; }>>'.
      Type 'ResolverSuccess<TFieldValues>' is not assignable to type 'ResolverResult<{ email: string; password: string; remember: boolean; }, { email: string; password: string; remember: boolean; }> | Promise<ResolverResult<{ email: string; password: string; remember: boolean; }, { ...; }>>'.
        Type 'ResolverSuccess<TFieldValues>' is not assignable to type 'ResolverSuccess<{ email: string; password: string; remember: boolean; }>'.
          Type 'TFieldValues' is not assignable to type '{ email: string; password: string; remember: boolean; }'.
            Type 'FieldValues' is missing the following properties from type '{ email: string; password: string; remember: boolean; }': email, password, remember
